// Jest Snapshot v1, https://goo.gl/fbAQLP

exports[`FileExplorer Component should render defaults 1`] = `
<div
  class="FileExplorer"
>
  <div
    class="FileExplorerEmpty"
  >
    The root folder is empty.
  </div>
</div>
`;
