// Jest Snapshot v1, https://goo.gl/fbAQLP

exports[`App Component should render defaults 1`] = `
<div
  class="App"
>
  <div
    class="FileExplorer"
  >
    <div
      class="FileExplorerEmpty"
    >
      The root folder is empty.
    </div>
  </div>
  <div
    class="FileContent"
  >
    <pre />
  </div>
</div>
`;
